[06-Sep-2021 17:25:14 UTC] PHP Recoverable fatal error:  Object of class Record could not be converted to string in C:\temp\PHP_Project\MyWallet\inc\Entity\Page.class.php on line 83
[06-Sep-2021 17:25:14 UTC] PHP Stack trace:
[06-Sep-2021 17:25:14 UTC] PHP   1. {main}() C:\temp\PHP_Project\MyWallet\main.php:0
[06-Sep-2021 17:25:14 UTC] PHP   2. Page::main() C:\temp\PHP_Project\MyWallet\main.php:15
[06-Sep-2021 17:26:32 UTC] PHP Recoverable fatal error:  Object of class Record could not be converted to string in C:\temp\PHP_Project\MyWallet\inc\Entity\Page.class.php on line 83
[06-Sep-2021 17:26:32 UTC] PHP Stack trace:
[06-Sep-2021 17:26:32 UTC] PHP   1. {main}() C:\temp\PHP_Project\MyWallet\main.php:0
[06-Sep-2021 17:26:32 UTC] PHP   2. Page::main() C:\temp\PHP_Project\MyWallet\main.php:15
[06-Sep-2021 17:27:30 UTC] PHP Warning:  number_format() expects parameter 1 to be float, object given in C:\temp\PHP_Project\MyWallet\inc\Entity\Page.class.php on line 83
[06-Sep-2021 17:27:30 UTC] PHP Stack trace:
[06-Sep-2021 17:27:30 UTC] PHP   1. {main}() C:\temp\PHP_Project\MyWallet\main.php:0
[06-Sep-2021 17:27:30 UTC] PHP   2. Page::main() C:\temp\PHP_Project\MyWallet\main.php:15
[06-Sep-2021 17:27:30 UTC] PHP   3. number_format() C:\temp\PHP_Project\MyWallet\inc\Entity\Page.class.php:83
[06-Sep-2021 17:29:06 UTC] PHP Fatal error:  Uncaught Error: Call to undefined function float() in C:\temp\PHP_Project\MyWallet\main.php:12
Stack trace:
#0 {main}
  thrown in C:\temp\PHP_Project\MyWallet\main.php on line 12
[06-Sep-2021 17:29:16 UTC] PHP Notice:  Object of class Record could not be converted to float in C:\temp\PHP_Project\MyWallet\inc\Entity\Page.class.php on line 83
[06-Sep-2021 17:29:16 UTC] PHP Stack trace:
[06-Sep-2021 17:29:16 UTC] PHP   1. {main}() C:\temp\PHP_Project\MyWallet\main.php:0
[06-Sep-2021 17:29:16 UTC] PHP   2. Page::main() C:\temp\PHP_Project\MyWallet\main.php:15
[06-Sep-2021 17:29:36 UTC] PHP Notice:  Object of class Record could not be converted to float in C:\temp\PHP_Project\MyWallet\inc\Entity\Page.class.php on line 83
[06-Sep-2021 17:29:36 UTC] PHP Stack trace:
[06-Sep-2021 17:29:36 UTC] PHP   1. {main}() C:\temp\PHP_Project\MyWallet\main.php:0
[06-Sep-2021 17:29:36 UTC] PHP   2. Page::main() C:\temp\PHP_Project\MyWallet\main.php:15
[06-Sep-2021 17:32:18 UTC] PHP Warning:  number_format() expects parameter 1 to be float, object given in C:\temp\PHP_Project\MyWallet\inc\Entity\Page.class.php on line 83
[06-Sep-2021 17:32:18 UTC] PHP Stack trace:
[06-Sep-2021 17:32:18 UTC] PHP   1. {main}() C:\temp\PHP_Project\MyWallet\main.php:0
[06-Sep-2021 17:32:18 UTC] PHP   2. Page::main() C:\temp\PHP_Project\MyWallet\main.php:15
[06-Sep-2021 17:32:18 UTC] PHP   3. number_format() C:\temp\PHP_Project\MyWallet\inc\Entity\Page.class.php:83
[06-Sep-2021 17:32:52 UTC] PHP Notice:  Object of class Record could not be converted to float in C:\temp\PHP_Project\MyWallet\inc\Entity\Page.class.php on line 83
[06-Sep-2021 17:32:52 UTC] PHP Stack trace:
[06-Sep-2021 17:32:52 UTC] PHP   1. {main}() C:\temp\PHP_Project\MyWallet\main.php:0
[06-Sep-2021 17:32:52 UTC] PHP   2. Page::main() C:\temp\PHP_Project\MyWallet\main.php:15
[06-Sep-2021 17:33:14 UTC] PHP Warning:  number_format() expects parameter 1 to be float, object given in C:\temp\PHP_Project\MyWallet\inc\Entity\Page.class.php on line 83
[06-Sep-2021 17:33:14 UTC] PHP Stack trace:
[06-Sep-2021 17:33:14 UTC] PHP   1. {main}() C:\temp\PHP_Project\MyWallet\main.php:0
[06-Sep-2021 17:33:14 UTC] PHP   2. Page::main() C:\temp\PHP_Project\MyWallet\main.php:15
[06-Sep-2021 17:33:14 UTC] PHP   3. number_format() C:\temp\PHP_Project\MyWallet\inc\Entity\Page.class.php:83
[06-Sep-2021 17:34:20 UTC] PHP Warning:  number_format() expects parameter 1 to be float, object given in C:\temp\PHP_Project\MyWallet\inc\Entity\Page.class.php on line 84
[06-Sep-2021 17:34:20 UTC] PHP Stack trace:
[06-Sep-2021 17:34:20 UTC] PHP   1. {main}() C:\temp\PHP_Project\MyWallet\main.php:0
[06-Sep-2021 17:34:20 UTC] PHP   2. Page::main() C:\temp\PHP_Project\MyWallet\main.php:15
[06-Sep-2021 17:34:20 UTC] PHP   3. number_format() C:\temp\PHP_Project\MyWallet\inc\Entity\Page.class.php:84
[06-Sep-2021 17:34:47 UTC] PHP Warning:  number_format() expects parameter 1 to be float, object given in C:\temp\PHP_Project\MyWallet\inc\Entity\Page.class.php on line 84
[06-Sep-2021 17:34:47 UTC] PHP Stack trace:
[06-Sep-2021 17:34:47 UTC] PHP   1. {main}() C:\temp\PHP_Project\MyWallet\main.php:0
[06-Sep-2021 17:34:47 UTC] PHP   2. Page::main() C:\temp\PHP_Project\MyWallet\main.php:15
[06-Sep-2021 17:34:47 UTC] PHP   3. number_format() C:\temp\PHP_Project\MyWallet\inc\Entity\Page.class.php:84
[06-Sep-2021 17:35:02 UTC] PHP Warning:  number_format() expects parameter 1 to be float, object given in C:\temp\PHP_Project\MyWallet\inc\Entity\Page.class.php on line 84
[06-Sep-2021 17:35:02 UTC] PHP Stack trace:
[06-Sep-2021 17:35:02 UTC] PHP   1. {main}() C:\temp\PHP_Project\MyWallet\main.php:0
[06-Sep-2021 17:35:02 UTC] PHP   2. Page::main() C:\temp\PHP_Project\MyWallet\main.php:15
[06-Sep-2021 17:35:02 UTC] PHP   3. number_format() C:\temp\PHP_Project\MyWallet\inc\Entity\Page.class.php:84
[06-Sep-2021 17:36:01 UTC] PHP Notice:  Object of class Record could not be converted to float in C:\temp\PHP_Project\MyWallet\inc\Entity\Page.class.php on line 84
[06-Sep-2021 17:36:01 UTC] PHP Stack trace:
[06-Sep-2021 17:36:01 UTC] PHP   1. {main}() C:\temp\PHP_Project\MyWallet\main.php:0
[06-Sep-2021 17:36:01 UTC] PHP   2. Page::main() C:\temp\PHP_Project\MyWallet\main.php:15
[06-Sep-2021 17:36:06 UTC] PHP Notice:  Object of class Record could not be converted to float in C:\temp\PHP_Project\MyWallet\inc\Entity\Page.class.php on line 84
[06-Sep-2021 17:36:06 UTC] PHP Stack trace:
[06-Sep-2021 17:36:06 UTC] PHP   1. {main}() C:\temp\PHP_Project\MyWallet\main.php:0
[06-Sep-2021 17:36:06 UTC] PHP   2. Page::main() C:\temp\PHP_Project\MyWallet\main.php:15
[06-Sep-2021 17:36:48 UTC] PHP Notice:  Object of class Record could not be converted to float in C:\temp\PHP_Project\MyWallet\inc\Entity\Page.class.php on line 84
[06-Sep-2021 17:36:48 UTC] PHP Stack trace:
[06-Sep-2021 17:36:48 UTC] PHP   1. {main}() C:\temp\PHP_Project\MyWallet\main.php:0
[06-Sep-2021 17:36:48 UTC] PHP   2. Page::main() C:\temp\PHP_Project\MyWallet\main.php:15
[06-Sep-2021 17:38:42 UTC] PHP Warning:  number_format() expects parameter 1 to be float, object given in C:\temp\PHP_Project\MyWallet\inc\Entity\Page.class.php on line 83
[06-Sep-2021 17:38:42 UTC] PHP Stack trace:
[06-Sep-2021 17:38:42 UTC] PHP   1. {main}() C:\temp\PHP_Project\MyWallet\main.php:0
[06-Sep-2021 17:38:42 UTC] PHP   2. Page::main() C:\temp\PHP_Project\MyWallet\main.php:15
[06-Sep-2021 17:38:42 UTC] PHP   3. number_format() C:\temp\PHP_Project\MyWallet\inc\Entity\Page.class.php:83
[06-Sep-2021 17:38:55 UTC] PHP Notice:  Object of class Record could not be converted to float in C:\temp\PHP_Project\MyWallet\inc\Entity\Page.class.php on line 83
[06-Sep-2021 17:38:55 UTC] PHP Stack trace:
[06-Sep-2021 17:38:55 UTC] PHP   1. {main}() C:\temp\PHP_Project\MyWallet\main.php:0
[06-Sep-2021 17:38:55 UTC] PHP   2. Page::main() C:\temp\PHP_Project\MyWallet\main.php:15
[06-Sep-2021 17:39:37 UTC] PHP Notice:  Object of class Record could not be converted to float in C:\temp\PHP_Project\MyWallet\inc\Entity\Page.class.php on line 83
[06-Sep-2021 17:39:37 UTC] PHP Stack trace:
[06-Sep-2021 17:39:37 UTC] PHP   1. {main}() C:\temp\PHP_Project\MyWallet\main.php:0
[06-Sep-2021 17:39:37 UTC] PHP   2. Page::main() C:\temp\PHP_Project\MyWallet\main.php:15
[06-Sep-2021 17:41:56 UTC] PHP Recoverable fatal error:  Object of class Record could not be converted to string in C:\temp\PHP_Project\MyWallet\inc\Entity\Page.class.php on line 83
[06-Sep-2021 17:41:56 UTC] PHP Stack trace:
[06-Sep-2021 17:41:56 UTC] PHP   1. {main}() C:\temp\PHP_Project\MyWallet\main.php:0
[06-Sep-2021 17:41:56 UTC] PHP   2. Page::main() C:\temp\PHP_Project\MyWallet\main.php:15
[06-Sep-2021 17:43:58 UTC] PHP Notice:  Undefined property: Record::$Balance in C:\temp\PHP_Project\MyWallet\inc\Entity\Page.class.php on line 83
[06-Sep-2021 17:43:58 UTC] PHP Stack trace:
[06-Sep-2021 17:43:58 UTC] PHP   1. {main}() C:\temp\PHP_Project\MyWallet\main.php:0
[06-Sep-2021 17:43:58 UTC] PHP   2. Page::main() C:\temp\PHP_Project\MyWallet\main.php:15
[14-Sep-2021 17:40:34 UTC] PHP Notice:  Undefined index: amount in C:\temp\PHP_Project\MyWallet\income.php on line 15
[14-Sep-2021 17:40:34 UTC] PHP Stack trace:
[14-Sep-2021 17:40:34 UTC] PHP   1. {main}() C:\temp\PHP_Project\MyWallet\income.php:0
[14-Sep-2021 17:40:34 UTC] PHP Notice:  Undefined index: date in C:\temp\PHP_Project\MyWallet\income.php on line 16
[14-Sep-2021 17:40:34 UTC] PHP Stack trace:
[14-Sep-2021 17:40:34 UTC] PHP   1. {main}() C:\temp\PHP_Project\MyWallet\income.php:0
[14-Sep-2021 17:42:15 UTC] PHP Notice:  Undefined index: amount in C:\temp\PHP_Project\MyWallet\income.php on line 15
[14-Sep-2021 17:42:15 UTC] PHP Stack trace:
[14-Sep-2021 17:42:15 UTC] PHP   1. {main}() C:\temp\PHP_Project\MyWallet\income.php:0
[14-Sep-2021 17:42:15 UTC] PHP Notice:  Undefined index: date in C:\temp\PHP_Project\MyWallet\income.php on line 16
[14-Sep-2021 17:42:15 UTC] PHP Stack trace:
[14-Sep-2021 17:42:15 UTC] PHP   1. {main}() C:\temp\PHP_Project\MyWallet\income.php:0
[14-Sep-2021 17:42:18 UTC] PHP Notice:  Undefined index: date in C:\temp\PHP_Project\MyWallet\income.php on line 16
[14-Sep-2021 17:42:18 UTC] PHP Stack trace:
[14-Sep-2021 17:42:18 UTC] PHP   1. {main}() C:\temp\PHP_Project\MyWallet\income.php:0
[14-Sep-2021 17:42:18 UTC] PHP Fatal error:  Uncaught PDOException: SQLSTATE[01000]: Warning: 1265 Data truncated for column 'Amount' at row 1 in C:\temp\PHP_Project\MyWallet\inc\Utility\PDOService.class.php:75
Stack trace:
#0 C:\temp\PHP_Project\MyWallet\inc\Utility\PDOService.class.php(75): PDOStatement->execute()
#1 C:\temp\PHP_Project\MyWallet\inc\Utility\RecordDAO.class.php(20): PDOService->execute()
#2 C:\temp\PHP_Project\MyWallet\income.php(18): RecordDAO::addRecord(Object(Record))
#3 {main}
  thrown in C:\temp\PHP_Project\MyWallet\inc\Utility\PDOService.class.php on line 75
[14-Sep-2021 17:43:15 UTC] PHP Fatal error:  Uncaught PDOException: SQLSTATE[01000]: Warning: 1265 Data truncated for column 'Amount' at row 1 in C:\temp\PHP_Project\MyWallet\inc\Utility\PDOService.class.php:75
Stack trace:
#0 C:\temp\PHP_Project\MyWallet\inc\Utility\PDOService.class.php(75): PDOStatement->execute()
#1 C:\temp\PHP_Project\MyWallet\inc\Utility\RecordDAO.class.php(20): PDOService->execute()
#2 C:\temp\PHP_Project\MyWallet\income.php(18): RecordDAO::addRecord(Object(Record))
#3 {main}
  thrown in C:\temp\PHP_Project\MyWallet\inc\Utility\PDOService.class.php on line 75
[14-Sep-2021 17:44:24 UTC] PHP Fatal error:  Uncaught PDOException: SQLSTATE[01000]: Warning: 1265 Data truncated for column 'Amount' at row 1 in C:\temp\PHP_Project\MyWallet\inc\Utility\PDOService.class.php:75
Stack trace:
#0 C:\temp\PHP_Project\MyWallet\inc\Utility\PDOService.class.php(75): PDOStatement->execute()
#1 C:\temp\PHP_Project\MyWallet\inc\Utility\RecordDAO.class.php(20): PDOService->execute()
#2 C:\temp\PHP_Project\MyWallet\income.php(18): RecordDAO::addRecord(Object(Record))
#3 {main}
  thrown in C:\temp\PHP_Project\MyWallet\inc\Utility\PDOService.class.php on line 75
[14-Sep-2021 17:48:46 UTC] PHP Fatal error:  Uncaught PDOException: SQLSTATE[01000]: Warning: 1265 Data truncated for column 'Amount' at row 1 in C:\temp\PHP_Project\MyWallet\inc\Utility\PDOService.class.php:75
Stack trace:
#0 C:\temp\PHP_Project\MyWallet\inc\Utility\PDOService.class.php(75): PDOStatement->execute()
#1 C:\temp\PHP_Project\MyWallet\inc\Utility\RecordDAO.class.php(21): PDOService->execute()
#2 C:\temp\PHP_Project\MyWallet\income.php(18): RecordDAO::addRecord(Object(Record))
#3 {main}
  thrown in C:\temp\PHP_Project\MyWallet\inc\Utility\PDOService.class.php on line 75
[14-Sep-2021 17:49:41 UTC] PHP Fatal error:  Uncaught PDOException: SQLSTATE[23000]: Integrity constraint violation: 1452 Cannot add or update a child row: a foreign key constraint fails (`mywallet`.`record`, CONSTRAINT `record_ibfk_1` FOREIGN KEY (`UserID`) REFERENCES `user` (`UserID`)) in C:\temp\PHP_Project\MyWallet\inc\Utility\PDOService.class.php:75
Stack trace:
#0 C:\temp\PHP_Project\MyWallet\inc\Utility\PDOService.class.php(75): PDOStatement->execute()
#1 C:\temp\PHP_Project\MyWallet\inc\Utility\RecordDAO.class.php(21): PDOService->execute()
#2 C:\temp\PHP_Project\MyWallet\expenses.php(19): RecordDAO::addRecord(Object(Record))
#3 {main}
  thrown in C:\temp\PHP_Project\MyWallet\inc\Utility\PDOService.class.php on line 75
[14-Sep-2021 17:49:50 UTC] PHP Fatal error:  Uncaught PDOException: SQLSTATE[23000]: Integrity constraint violation: 1452 Cannot add or update a child row: a foreign key constraint fails (`mywallet`.`record`, CONSTRAINT `record_ibfk_1` FOREIGN KEY (`UserID`) REFERENCES `user` (`UserID`)) in C:\temp\PHP_Project\MyWallet\inc\Utility\PDOService.class.php:75
Stack trace:
#0 C:\temp\PHP_Project\MyWallet\inc\Utility\PDOService.class.php(75): PDOStatement->execute()
#1 C:\temp\PHP_Project\MyWallet\inc\Utility\RecordDAO.class.php(21): PDOService->execute()
#2 C:\temp\PHP_Project\MyWallet\expenses.php(19): RecordDAO::addRecord(Object(Record))
#3 {main}
  thrown in C:\temp\PHP_Project\MyWallet\inc\Utility\PDOService.class.php on line 75
[17-Sep-2021 06:22:28 UTC] PHP Fatal error:  Uncaught PDOException: SQLSTATE[01000]: Warning: 1265 Data truncated for column 'Amount' at row 1 in C:\temp\PHP_Project\MyWallet\inc\Utility\PDOService.class.php:75
Stack trace:
#0 C:\temp\PHP_Project\MyWallet\inc\Utility\PDOService.class.php(75): PDOStatement->execute()
#1 C:\temp\PHP_Project\MyWallet\inc\Utility\RecordDAO.class.php(21): PDOService->execute()
#2 C:\temp\PHP_Project\MyWallet\income.php(18): RecordDAO::addRecord(Object(Record))
#3 {main}
  thrown in C:\temp\PHP_Project\MyWallet\inc\Utility\PDOService.class.php on line 75
[18-Sep-2021 05:30:28 UTC] PHP Parse error:  syntax error, unexpected end of file in C:\temp\PHP_Project\MyWallet\inc\Entity\Page.class.php on line 213
